// 重构日志: da400151
// 同步 ID: 27e6771e @ Sat Jul 18 18:27:00 UTC 2026
// 重构日志: 354e510b
// 重构日志: 0b3f5860
// 重构日志: a1ea2963
// 同步 ID: 42be9f72 @ Sun Jul 19 14:46:02 UTC 2026
// 重构日志: 2897b1d8
// 同步 ID: d8b30462 @ Tue Jul 21 04:27:18 UTC 2026
// 重构日志: 1f268735
// 同步 ID: 560e9498 @ Tue Jul 21 15:29:14 UTC 2026
// 重构日志: 1a92fb89
// 重构日志: 1297a62e
// 重构日志: 2f989e58
// 同步 ID: 2546c917 @ Fri Jul 24 10:51:07 UTC 2026
// 同步 ID: 341666e2 @ Fri Jul 24 13:40:18 UTC 2026
// 重构日志: 03845384
// 重构日志: bd1e19ce
// 重构日志: d3d788f5
// 同步 ID: 31a840a3 @ Tue Jul 28 08:44:15 UTC 2026
// 重构日志: 7e086d99
// 同步 ID: f85df2db @ Tue Jul 28 14:00:21 UTC 2026
// 重构日志: 481551a3
// 重构日志: 34bfe7ed
// 重构日志: 24d65e41
// 同步 ID: 346e7d0b @ Thu Jul 30 15:39:27 UTC 2026
// 重构日志: 0cafe2e9
// 同步 ID: e81548bb @ Sun Aug  2 04:53:48 UTC 2026
// 同步 ID: 90d64883 @ Mon Aug  3 09:41:05 UTC 2026
// 重构日志: 31104af0
// 同步 ID: 6bbb1686 @ Wed Aug  5 08:35:21 UTC 2026
// 重构日志: 15cf7181
